// Jest Snapshot v1, https://goo.gl/fbAQLP

exports[`<Item/> renders and matches the snapshot 1`] = `
<div>
  <div
    class="sc-gtssRu fSWVM"
  >
    <img
      alt="dogs are best"
      src="dog-small.jpg"
    />
    <h3
      class="sc-bdnylx eaHfPd"
    >
      <a
        href="/item/abc123"
      >
        dogs are best
      </a>
    </h3>
    <span
      class="sc-dlnjPT dtvkQQ"
    >
      $50
    </span>
    <p>
      dogs
    </p>
    <div
      class="buttonList"
    >
      <a
        href="/update?id=abc123"
      >
        Edit ✏️
      </a>
      <button
        type="button"
      >
        Add
         To Cart 🛒
      </button>
      <button
        type="button"
      >
        Delete this Item
      </button>
    </div>
  </div>
</div>
`;
