// Jest Snapshot v1, https://goo.gl/fbAQLP

exports[`<RequestReset/> renders and matches snapshot 1`] = `
<div>
  <form
    class="sc-bdnylx eviPWj"
    data-tested="form"
    method="post"
  >
    <fieldset
      aria-busy="false"
    >
      <h2>
        Request a password reset
      </h2>
      <label>
        Email
        <input
          name="email"
          placeholder="email"
          type="email"
        />
      </label>
      <button
        type="submit"
      >
        Request Reset!
      </button>
    </fieldset>
  </form>
</div>
`;
