// Jest Snapshot v1, https://goo.gl/fbAQLP

exports[`<Signup/> renders and matches snapshot 1`] = `
<div>
  <form
    class="sc-bdnylx eviPWj"
    method="post"
  >
    <fieldset
      aria-busy="false"
    >
      <h2>
        Sign Up for an Account
      </h2>
      <label>
        Email
      </label>
      <input
        autocomplete="email"
        name="email"
        placeholder="email"
        type="email"
      />
      <label>
        Name
      </label>
      <input
        autocomplete="name"
        name="name"
        placeholder="name"
        type="text"
      />
      <label>
        Password
      </label>
      <input
        autocomplete="new-password"
        name="password"
        placeholder="password"
        type="password"
      />
      <button
        type="submit"
      >
        Sign Up!
      </button>
    </fieldset>
  </form>
</div>
`;
